pages/ZoneManagement.tsx(1440,11): error TS1005: ')' expected.
pages/ZoneManagement.tsx(1441,10): error TS1381: Unexpected token. Did you mean `{'}'}` or `&rbrace;`?
pages/ZoneManagement.tsx(2914,7): error TS17002: Expected corresponding JSX closing tag for 'React.Fragment'.
pages/ZoneManagement.tsx(2915,7): error TS1005: ')' expected.
pages/ZoneManagement.tsx(2944,5): error TS1128: Declaration or statement expected.
pages/ZoneManagement.tsx(2945,3): error TS1109: Expression expected.
pages/ZoneManagement.tsx(2946,1): error TS1128: Declaration or statement expected.
