components/DocumentModuleUploader.tsx(51,40): error TS2339: Property 'getIdToken' does not exist on type 'UserProfile'.
components/EngagementSidebar.tsx(39,21): error TS2367: This comparison appears to be unintentional because the types 'UserRole' and '"TUTOR"' have no overlap.
